C:\Users\USER\AppData\Local\Programs\Python\Python312\Lib\site-packages\africastalking\Whatsapp.py:34: UserWarning: Sandbox is currently not available for the Whatsapp service.
  warnings.warn(
C:\Users\USER\AppData\Local\Programs\Python\Python312\Lib\site-packages\africastalking\Whatsapp.py:34: UserWarning: Sandbox is currently not available for the Whatsapp service.
  warnings.warn(
Watching for file changes with StatReloader
HTTP POST /api/v1/auth/register/ 201 [2.01, 127.0.0.1:54479]
HTTP POST /api/v1/auth/login/ 200 [1.37, 127.0.0.1:54491]
Unauthorized: /api/v1/auth/me/
HTTP GET /api/v1/auth/me/ 401 [0.15, 127.0.0.1:54557]
Unauthorized: /api/v1/auth/me/
HTTP GET /api/v1/auth/me/ 401 [0.11, 127.0.0.1:54557]
Unauthorized: /api/v1/auth/me/
HTTP GET /api/v1/auth/me/ 401 [0.01, 127.0.0.1:54587]
Unauthorized: /api/v1/auth/me/
HTTP GET /api/v1/auth/me/ 401 [0.01, 127.0.0.1:54587]
HTTP OPTIONS /api/v1/auth/login/ 200 [0.00, 127.0.0.1:54628]
Unauthorized: /api/v1/auth/me/
HTTP GET /api/v1/auth/me/ 401 [0.04, 127.0.0.1:54668]
Unauthorized: /api/v1/auth/me/
HTTP GET /api/v1/auth/me/ 401 [0.05, 127.0.0.1:54668]
Unauthorized: /api/v1/auth/me/
HTTP GET /api/v1/auth/me/ 401 [0.04, 127.0.0.1:54628]
Unauthorized: /api/v1/auth/me/
HTTP GET /api/v1/auth/me/ 401 [0.01, 127.0.0.1:54628]
Unauthorized: /api/v1/auth/me/
HTTP GET /api/v1/auth/me/ 401 [0.02, 127.0.0.1:54628]
Unauthorized: /api/v1/auth/me/
HTTP GET /api/v1/auth/me/ 401 [0.02, 127.0.0.1:54628]
HTTP OPTIONS /api/v1/auth/login/ 200 [0.00, 127.0.0.1:54628]
HTTP POST /api/v1/auth/login/ 200 [1.12, 127.0.0.1:54628]
HTTP OPTIONS /api/v1/auth/me/ 200 [0.00, 127.0.0.1:54628]
HTTP GET /api/v1/auth/me/ 200 [0.02, 127.0.0.1:54628]
HTTP OPTIONS /api/v1/milk/summary/daily/?date=2026-04-27 200 [0.03, 127.0.0.1:54628]
HTTP OPTIONS /api/v1/animals/ai/farm-health/ 200 [0.03, 127.0.0.1:54704]
Not Found: /api/v1/milk/summary/daily/
Not Found: /api/v1/animals/ai/farm-health/
HTTP GET /api/v1/milk/summary/daily/?date=2026-04-27 404 [0.15, 127.0.0.1:54704]
HTTP GET /api/v1/animals/ai/farm-health/ 404 [0.17, 127.0.0.1:54628]
Not Found: /api/v1/animals/ai/farm-health/
Not Found: /api/v1/milk/summary/daily/
HTTP GET /api/v1/animals/ai/farm-health/ 404 [0.03, 127.0.0.1:54704]
HTTP GET /api/v1/milk/summary/daily/?date=2026-04-27 404 [0.03, 127.0.0.1:54628]
HTTP OPTIONS /api/v1/milk/summary/monthly/?year=2026&month=4 200 [0.02, 127.0.0.1:54741]
Not Found: /api/v1/milk/summary/monthly/
HTTP GET /api/v1/milk/summary/monthly/?year=2026&month=4 404 [0.04, 127.0.0.1:54741]
Not Found: /api/v1/milk/summary/monthly/
HTTP GET /api/v1/milk/summary/monthly/?year=2026&month=4 404 [0.06, 127.0.0.1:54741]
Not Found: /api/v1/milk/summary/monthly/
HTTP GET /api/v1/milk/summary/monthly/?year=2026&month=4 404 [0.03, 127.0.0.1:54741]
Not Found: /api/v1/milk/summary/monthly/
HTTP GET /api/v1/milk/summary/monthly/?year=2026&month=4 404 [0.03, 127.0.0.1:54741]
Not Found: /api/v1/animals/ai/farm-health/
HTTP GET /api/v1/animals/ai/farm-health/ 404 [0.04, 127.0.0.1:54741]
Not Found: /api/v1/animals/ai/farm-health/
HTTP GET /api/v1/animals/ai/farm-health/ 404 [0.05, 127.0.0.1:54741]
Not Found: /api/v1/milk/summary/daily/
HTTP GET /api/v1/milk/summary/daily/?date=2026-04-27 404 [0.10, 127.0.0.1:54741]
Not Found: /api/v1/animals/ai/farm-health/
HTTP GET /api/v1/animals/ai/farm-health/ 404 [0.11, 127.0.0.1:54760]
Not Found: /api/v1/milk/summary/daily/
HTTP GET /api/v1/milk/summary/daily/?date=2026-04-27 404 [0.04, 127.0.0.1:54760]
Not Found: /api/v1/animals/ai/farm-health/
HTTP GET /api/v1/animals/ai/farm-health/ 404 [0.03, 127.0.0.1:54741]
C:\Users\USER\Project\projects\fms\backend\accounts\serializers.py changed, reloading.
C:\Users\USER\AppData\Local\Programs\Python\Python312\Lib\site-packages\africastalking\Whatsapp.py:34: UserWarning: Sandbox is currently not available for the Whatsapp service.
  warnings.warn(
Watching for file changes with StatReloader
HTTP OPTIONS /api/v1/ai/farm-health/ 200 [0.00, 127.0.0.1:54806]
HTTP GET /api/v1/ai/farm-health/ 200 [0.07, 127.0.0.1:54810]
HTTP GET /api/v1/milk/summary/daily/?date=2026-04-27 200 [0.07, 127.0.0.1:54806]
HTTP GET /api/v1/milk/summary/monthly/?year=2026&month=4 200 [0.20, 127.0.0.1:54806]
HTTP GET /api/v1/milk/summary/daily/?date=2026-04-27 200 [0.20, 127.0.0.1:54932]
HTTP GET /api/v1/auth/me/ 200 [0.06, 127.0.0.1:54932]
HTTP GET /api/v1/auth/me/ 200 [0.02, 127.0.0.1:54963]
HTTP GET /api/v1/ai/farm-health/ 200 [0.05, 127.0.0.1:54932]
HTTP GET /api/v1/milk/summary/daily/?date=2026-04-27 200 [0.06, 127.0.0.1:54963]
HTTP GET /api/v1/auth/me/ 200 [0.06, 127.0.0.1:55053]
HTTP GET /api/v1/auth/me/ 200 [0.03, 127.0.0.1:55054]
HTTP GET /api/v1/milk/summary/monthly/?year=2026&month=4 200 [0.10, 127.0.0.1:55054]
HTTP GET /api/v1/ai/farm-health/ 200 [0.02, 127.0.0.1:55054]
HTTP GET /api/v1/milk/summary/daily/?date=2026-04-27 200 [0.02, 127.0.0.1:55054]
HTTP GET /api/v1/milk/summary/monthly/?year=2026&month=4 200 [0.02, 127.0.0.1:55054]
HTTP OPTIONS /api/v1/auth/me/ 200 [0.19, 127.0.0.1:56698]
HTTP OPTIONS /api/v1/auth/me/ 200 [0.17, 127.0.0.1:56699]
Unauthorized: /api/v1/auth/me/
HTTP GET /api/v1/auth/me/ 401 [0.21, 127.0.0.1:56699]
Unauthorized: /api/v1/auth/me/
HTTP GET /api/v1/auth/me/ 401 [0.02, 127.0.0.1:56699]
HTTP OPTIONS /api/v1/auth/token/refresh/ 200 [0.00, 127.0.0.1:56699]
HTTP POST /api/v1/auth/token/refresh/ 200 [0.63, 127.0.0.1:56698]
HTTP POST /api/v1/auth/token/refresh/ 200 [0.64, 127.0.0.1:56699]
HTTP GET /api/v1/auth/me/ 200 [0.07, 127.0.0.1:56699]
HTTP GET /api/v1/auth/me/ 200 [0.02, 127.0.0.1:56698]
Unauthorized: /api/v1/auth/me/
HTTP GET /api/v1/auth/me/ 401 [0.22, 127.0.0.1:56942]
Unauthorized: /api/v1/auth/me/
HTTP GET /api/v1/auth/me/ 401 [0.01, 127.0.0.1:56942]
Unauthorized: /api/v1/auth/token/refresh/
Unauthorized: /api/v1/auth/token/refresh/
HTTP POST /api/v1/auth/token/refresh/ 401 [0.09, 127.0.0.1:56942]
HTTP POST /api/v1/auth/token/refresh/ 401 [0.09, 127.0.0.1:56945]
Unauthorized: /api/v1/auth/me/
HTTP GET /api/v1/auth/me/ 401 [0.27, 127.0.0.1:57280]
Unauthorized: /api/v1/auth/me/
HTTP GET /api/v1/auth/me/ 401 [0.02, 127.0.0.1:57280]
C:\Users\USER\AppData\Local\Programs\Python\Python312\Lib\site-packages\psycopg2\_range.py changed, reloading.
C:\Users\USER\AppData\Local\Programs\Python\Python312\Lib\site-packages\africastalking\Whatsapp.py:34: UserWarning: Sandbox is currently not available for the Whatsapp service.
  warnings.warn(
Watching for file changes with StatReloader
C:\Users\USER\Project\projects\fms\backend\animals\urls.py changed, reloading.
C:\Users\USER\AppData\Local\Programs\Python\Python312\Lib\site-packages\africastalking\Whatsapp.py:34: UserWarning: Sandbox is currently not available for the Whatsapp service.
  warnings.warn(
Watching for file changes with StatReloader
Exception in thread django-main-thread:
Traceback (most recent call last):
  File "C:\Users\USER\AppData\Local\Programs\Python\Python312\Lib\threading.py", line 1075, in _bootstrap_inner
    self.run()
  File "C:\Users\USER\AppData\Local\Programs\Python\Python312\Lib\threading.py", line 1012, in run
    self._target(*self._args, **self._kwargs)
  File "C:\Users\USER\AppData\Local\Programs\Python\Python312\Lib\site-packages\django\utils\autoreload.py", line 64, in wrapper
    fn(*args, **kwargs)
  File "C:\Users\USER\AppData\Local\Programs\Python\Python312\Lib\site-packages\daphne\management\commands\runserver.py", line 109, in inner_run
    self.check(display_num_errors=True)
  File "C:\Users\USER\AppData\Local\Programs\Python\Python312\Lib\site-packages\django\core\management\base.py", line 496, in check
    all_issues = checks.run_checks(
                 ^^^^^^^^^^^^^^^^^^
  File "C:\Users\USER\AppData\Local\Programs\Python\Python312\Lib\site-packages\django\core\checks\registry.py", line 89, in run_checks
    new_errors = check(app_configs=app_configs, databases=databases)
                 ^^^^^^^^^^^^^^^^^^^^^^^^^^^^^^^^^^^^^^^^^^^^^^^^^^^
  File "C:\Users\USER\AppData\Local\Programs\Python\Python312\Lib\site-packages\django\core\checks\urls.py", line 44, in check_url_namespaces_unique
    all_namespaces = _load_all_namespaces(resolver)
                     ^^^^^^^^^^^^^^^^^^^^^^^^^^^^^^
  File "C:\Users\USER\AppData\Local\Programs\Python\Python312\Lib\site-packages\django\core\checks\urls.py", line 63, in _load_all_namespaces
    url_patterns = getattr(resolver, "url_patterns", [])
                   ^^^^^^^^^^^^^^^^^^^^^^^^^^^^^^^^^^^^^
  File "C:\Users\USER\AppData\Local\Programs\Python\Python312\Lib\site-packages\django\utils\functional.py", line 47, in __get__
    res = instance.__dict__[self.name] = self.func(instance)
                                         ^^^^^^^^^^^^^^^^^^^
  File "C:\Users\USER\AppData\Local\Programs\Python\Python312\Lib\site-packages\django\urls\resolvers.py", line 718, in url_patterns
    patterns = getattr(self.urlconf_module, "urlpatterns", self.urlconf_module)
                       ^^^^^^^^^^^^^^^^^^^
  File "C:\Users\USER\AppData\Local\Programs\Python\Python312\Lib\site-packages\django\utils\functional.py", line 47, in __get__
    res = instance.__dict__[self.name] = self.func(instance)
                                         ^^^^^^^^^^^^^^^^^^^
  File "C:\Users\USER\AppData\Local\Programs\Python\Python312\Lib\site-packages\django\urls\resolvers.py", line 711, in urlconf_module
    return import_module(self.urlconf_name)
           ^^^^^^^^^^^^^^^^^^^^^^^^^^^^^^^^
  File "C:\Users\USER\AppData\Local\Programs\Python\Python312\Lib\importlib\__init__.py", line 90, in import_module
    return _bootstrap._gcd_import(name[level:], package, level)
           ^^^^^^^^^^^^^^^^^^^^^^^^^^^^^^^^^^^^^^^^^^^^^^^^^^^^
  File "<frozen importlib._bootstrap>", line 1387, in _gcd_import
  File "<frozen importlib._bootstrap>", line 1360, in _find_and_load
  File "<frozen importlib._bootstrap>", line 1331, in _find_and_load_unlocked
  File "<frozen importlib._bootstrap>", line 935, in _load_unlocked
  File "<frozen importlib._bootstrap_external>", line 999, in exec_module
  File "<frozen importlib._bootstrap>", line 488, in _call_with_frames_removed
  File "C:\Users\USER\Project\projects\fms\backend\fms_core\urls.py", line 10, in <module>
    path('api/v1/', include('animals.urls')),
                    ^^^^^^^^^^^^^^^^^^^^^^^
  File "C:\Users\USER\AppData\Local\Programs\Python\Python312\Lib\site-packages\django\urls\conf.py", line 39, in include
    urlconf_module = import_module(urlconf_module)
                     ^^^^^^^^^^^^^^^^^^^^^^^^^^^^^
  File "C:\Users\USER\AppData\Local\Programs\Python\Python312\Lib\importlib\__init__.py", line 90, in import_module
    return _bootstrap._gcd_import(name[level:], package, level)
           ^^^^^^^^^^^^^^^^^^^^^^^^^^^^^^^^^^^^^^^^^^^^^^^^^^^^
  File "<frozen importlib._bootstrap>", line 1387, in _gcd_import
  File "<frozen importlib._bootstrap>", line 1360, in _find_and_load
  File "<frozen importlib._bootstrap>", line 1331, in _find_and_load_unlocked
  File "<frozen importlib._bootstrap>", line 935, in _load_unlocked
  File "<frozen importlib._bootstrap_external>", line 999, in exec_module
  File "<frozen importlib._bootstrap>", line 488, in _call_with_frames_removed
  File "C:\Users\USER\Project\projects\fms\backend\animals\urls.py", line 3, in <module>
    from .ai_views import AIProxyView, FarmHealthOverviewView, PersonalizedRecommendationsView
  File "C:\Users\USER\Project\projects\fms\backend\animals\ai_views.py", line 3, in <module>
    import numpy as np
ModuleNotFoundError: No module named 'numpy'
C:\Users\USER\Project\projects\fms\backend\animals\ai_views.py changed, reloading.
C:\Users\USER\AppData\Local\Programs\Python\Python312\Lib\site-packages\africastalking\Whatsapp.py:34: UserWarning: Sandbox is currently not available for the Whatsapp service.
  warnings.warn(
Watching for file changes with StatReloader
Unauthorized: /api/v1/auth/me/
HTTP GET /api/v1/auth/me/ 401 [0.02, 127.0.0.1:64815]
Unauthorized: /api/v1/auth/me/
HTTP GET /api/v1/auth/me/ 401 [0.01, 127.0.0.1:64815]
Unauthorized: /api/v1/auth/me/
HTTP GET /api/v1/auth/me/ 401 [0.01, 127.0.0.1:64815]
Unauthorized: /api/v1/auth/me/
HTTP GET /api/v1/auth/me/ 401 [0.01, 127.0.0.1:64815]
HTTP POST /api/v1/auth/login/ 200 [2.85, 127.0.0.1:64870]
HTTP GET /api/v1/ai/recommendations/ 200 [0.03, 127.0.0.1:64873]
HTTP POST /api/v1/auth/login/ 200 [2.68, 127.0.0.1:64871]
HTTP GET /api/v1/ai/farm-health/ 200 [0.02, 127.0.0.1:64874]
C:\Users\USER\Project\projects\fms\backend\animals\ai_views.py changed, reloading.
C:\Users\USER\AppData\Local\Programs\Python\Python312\Lib\site-packages\africastalking\Whatsapp.py:34: UserWarning: Sandbox is currently not available for the Whatsapp service.
  warnings.warn(
Watching for file changes with StatReloader
C:\Users\USER\Project\projects\fms\backend\animals\ai_views.py changed, reloading.
C:\Users\USER\AppData\Local\Programs\Python\Python312\Lib\site-packages\africastalking\Whatsapp.py:34: UserWarning: Sandbox is currently not available for the Whatsapp service.
  warnings.warn(
Watching for file changes with StatReloader
HTTP POST /api/v1/auth/login/ 200 [2.54, 127.0.0.1:64960]
HTTP POST /api/v1/auth/login/ 200 [2.52, 127.0.0.1:64961]
HTTP GET /api/v1/ai/recommendations/ 200 [0.05, 127.0.0.1:64965]
HTTP POST /api/v1/ai/predict/feed-recommendation/ 200 [0.02, 127.0.0.1:64966]
HTTP OPTIONS /api/v1/auth/login/ 200 [0.02, 127.0.0.1:65287]
HTTP POST /api/v1/auth/login/ 200 [1.46, 127.0.0.1:65287]
HTTP OPTIONS /api/v1/auth/me/ 200 [0.01, 127.0.0.1:65287]
HTTP GET /api/v1/auth/me/ 200 [0.02, 127.0.0.1:65287]
HTTP OPTIONS /api/v1/milk/summary/daily/?date=2026-04-28 200 [0.01, 127.0.0.1:65287]
HTTP OPTIONS /api/v1/ai/farm-health/ 200 [0.01, 127.0.0.1:65289]
HTTP GET /api/v1/ai/farm-health/ 200 [0.02, 127.0.0.1:65289]
HTTP GET /api/v1/milk/summary/daily/?date=2026-04-28 200 [0.04, 127.0.0.1:65287]
HTTP OPTIONS /api/v1/milk/summary/monthly/?year=2026&month=4 200 [0.00, 127.0.0.1:65287]
HTTP GET /api/v1/milk/summary/monthly/?year=2026&month=4 200 [0.02, 127.0.0.1:65287]
HTTP OPTIONS /api/v1/ai/recommendations/ 200 [0.01, 127.0.0.1:65287]
HTTP GET /api/v1/ai/recommendations/ 200 [0.03, 127.0.0.1:65287]
HTTP GET /api/v1/milk/summary/monthly/?year=2026&month=4 200 [0.03, 127.0.0.1:65287]
HTTP GET /api/v1/milk/summary/daily/?date=2026-04-28 200 [0.03, 127.0.0.1:65287]
HTTP GET /api/v1/milk/summary/monthly/?year=2026&month=4 200 [0.02, 127.0.0.1:65287]
HTTP GET /api/v1/milk/summary/monthly/?year=2026&month=4 200 [0.02, 127.0.0.1:65287]
C:\Users\USER\Project\projects\fms\backend\dairy\views.py changed, reloading.
C:\Users\USER\AppData\Local\Programs\Python\Python312\Lib\site-packages\africastalking\Whatsapp.py:34: UserWarning: Sandbox is currently not available for the Whatsapp service.
  warnings.warn(
Watching for file changes with StatReloader
C:\Users\USER\Project\projects\fms\backend\finance\views.py changed, reloading.
C:\Users\USER\AppData\Local\Programs\Python\Python312\Lib\site-packages\africastalking\Whatsapp.py:34: UserWarning: Sandbox is currently not available for the Whatsapp service.
  warnings.warn(
Watching for file changes with StatReloader
Internal Server Error: /api/v1/milk/summary/monthly/
Traceback (most recent call last):
  File "C:\Users\USER\AppData\Local\Programs\Python\Python312\Lib\site-packages\django\db\backends\utils.py", line 105, in _execute
    return self.cursor.execute(sql, params)
           ^^^^^^^^^^^^^^^^^^^^^^^^^^^^^^^^
  File "C:\Users\USER\AppData\Local\Programs\Python\Python312\Lib\site-packages\django\db\backends\sqlite3\base.py", line 360, in execute
    return super().execute(query, params)
           ^^^^^^^^^^^^^^^^^^^^^^^^^^^^^^
sqlite3.OperationalError: no such column: dairy_milkrecord.home_use_litres

The above exception was the direct cause of the following exception:

Traceback (most recent call last):
  File "C:\Users\USER\AppData\Local\Programs\Python\Python312\Lib\site-packages\asgiref\sync.py", line 557, in thread_handler
    raise exc_info[1]
  File "C:\Users\USER\AppData\Local\Programs\Python\Python312\Lib\site-packages\django\core\handlers\exception.py", line 42, in inner
    response = await get_response(request)
               ^^^^^^^^^^^^^^^^^^^^^^^^^^^
  File "C:\Users\USER\AppData\Local\Programs\Python\Python312\Lib\site-packages\asgiref\sync.py", line 557, in thread_handler
    raise exc_info[1]
  File "C:\Users\USER\AppData\Local\Programs\Python\Python312\Lib\site-packages\django\core\handlers\base.py", line 253, in _get_response_async
    response = await wrapped_callback(
               ^^^^^^^^^^^^^^^^^^^^^^^
  File "C:\Users\USER\AppData\Local\Programs\Python\Python312\Lib\site-packages\asgiref\sync.py", line 506, in __call__
    ret = await asyncio.shield(exec_coro)
          ^^^^^^^^^^^^^^^^^^^^^^^^^^^^^^^
  File "C:\Users\USER\AppData\Local\Programs\Python\Python312\Lib\concurrent\futures\thread.py", line 59, in run
    result = self.fn(*self.args, **self.kwargs)
             ^^^^^^^^^^^^^^^^^^^^^^^^^^^^^^^^^^
  File "C:\Users\USER\AppData\Local\Programs\Python\Python312\Lib\site-packages\asgiref\sync.py", line 561, in thread_handler
    return func(*args, **kwargs)
           ^^^^^^^^^^^^^^^^^^^^^
  File "C:\Users\USER\AppData\Local\Programs\Python\Python312\Lib\site-packages\django\views\decorators\csrf.py", line 65, in _view_wrapper
    return view_func(request, *args, **kwargs)
           ^^^^^^^^^^^^^^^^^^^^^^^^^^^^^^^^^^^
  File "C:\Users\USER\AppData\Local\Programs\Python\Python312\Lib\site-packages\rest_framework\viewsets.py", line 125, in view
    return self.dispatch(request, *args, **kwargs)
           ^^^^^^^^^^^^^^^^^^^^^^^^^^^^^^^^^^^^^^^
  File "C:\Users\USER\AppData\Local\Programs\Python\Python312\Lib\site-packages\rest_framework\views.py", line 515, in dispatch
    response = self.handle_exception(exc)
               ^^^^^^^^^^^^^^^^^^^^^^^^^^
  File "C:\Users\USER\AppData\Local\Programs\Python\Python312\Lib\site-packages\rest_framework\views.py", line 475, in handle_exception
    self.raise_uncaught_exception(exc)
  File "C:\Users\USER\AppData\Local\Programs\Python\Python312\Lib\site-packages\rest_framework\views.py", line 486, in raise_uncaught_exception
    raise exc
  File "C:\Users\USER\AppData\Local\Programs\Python\Python312\Lib\site-packages\rest_framework\views.py", line 512, in dispatch
    response = handler(request, *args, **kwargs)
               ^^^^^^^^^^^^^^^^^^^^^^^^^^^^^^^^^
  File "C:\Users\USER\Project\projects\fms\backend\dairy\views.py", line 134, in monthly_summary
    totals = [float(row['total'] or 0) for row in daily_totals]
                                                  ^^^^^^^^^^^^
  File "C:\Users\USER\AppData\Local\Programs\Python\Python312\Lib\site-packages\django\db\models\query.py", line 386, in __iter__
    self._fetch_all()
  File "C:\Users\USER\AppData\Local\Programs\Python\Python312\Lib\site-packages\django\db\models\query.py", line 1954, in _fetch_all
    self._result_cache = list(self._iterable_class(self))
                         ^^^^^^^^^^^^^^^^^^^^^^^^^^^^^^^^
  File "C:\Users\USER\AppData\Local\Programs\Python\Python312\Lib\site-packages\django\db\models\query.py", line 218, in __iter__
    for row in compiler.results_iter(
               ^^^^^^^^^^^^^^^^^^^^^^
  File "C:\Users\USER\AppData\Local\Programs\Python\Python312\Lib\site-packages\django\db\models\sql\compiler.py", line 1572, in results_iter
    results = self.execute_sql(
              ^^^^^^^^^^^^^^^^^
  File "C:\Users\USER\AppData\Local\Programs\Python\Python312\Lib\site-packages\django\db\models\sql\compiler.py", line 1623, in execute_sql
    cursor.execute(sql, params)
  File "C:\Users\USER\AppData\Local\Programs\Python\Python312\Lib\site-packages\django\db\backends\utils.py", line 122, in execute
    return super().execute(sql, params)
           ^^^^^^^^^^^^^^^^^^^^^^^^^^^^
  File "C:\Users\USER\AppData\Local\Programs\Python\Python312\Lib\site-packages\django\db\backends\utils.py", line 79, in execute
    return self._execute_with_wrappers(
           ^^^^^^^^^^^^^^^^^^^^^^^^^^^^
  File "C:\Users\USER\AppData\Local\Programs\Python\Python312\Lib\site-packages\django\db\backends\utils.py", line 92, in _execute_with_wrappers
    return executor(sql, params, many, context)
           ^^^^^^^^^^^^^^^^^^^^^^^^^^^^^^^^^^^^
  File "C:\Users\USER\AppData\Local\Programs\Python\Python312\Lib\site-packages\django\db\backends\utils.py", line 100, in _execute
    with self.db.wrap_database_errors:
         ^^^^^^^^^^^^^^^^^^^^^^^^^^^^
  File "C:\Users\USER\AppData\Local\Programs\Python\Python312\Lib\site-packages\django\db\utils.py", line 91, in __exit__
    raise dj_exc_value.with_traceback(traceback) from exc_value
  File "C:\Users\USER\AppData\Local\Programs\Python\Python312\Lib\site-packages\django\db\backends\utils.py", line 105, in _execute
    return self.cursor.execute(sql, params)
           ^^^^^^^^^^^^^^^^^^^^^^^^^^^^^^^^
  File "C:\Users\USER\AppData\Local\Programs\Python\Python312\Lib\site-packages\django\db\backends\sqlite3\base.py", line 360, in execute
    return super().execute(query, params)
           ^^^^^^^^^^^^^^^^^^^^^^^^^^^^^^
django.db.utils.OperationalError: no such column: dairy_milkrecord.home_use_litres
HTTP GET /api/v1/milk/summary/monthly/?year=2026&month=4 500 [1.15, 127.0.0.1:49356]
Internal Server Error: /api/v1/milk/summary/monthly/
Traceback (most recent call last):
  File "C:\Users\USER\AppData\Local\Programs\Python\Python312\Lib\site-packages\django\db\backends\utils.py", line 105, in _execute
    return self.cursor.execute(sql, params)
           ^^^^^^^^^^^^^^^^^^^^^^^^^^^^^^^^
  File "C:\Users\USER\AppData\Local\Programs\Python\Python312\Lib\site-packages\django\db\backends\sqlite3\base.py", line 360, in execute
    return super().execute(query, params)
           ^^^^^^^^^^^^^^^^^^^^^^^^^^^^^^
sqlite3.OperationalError: no such column: dairy_milkrecord.home_use_litres

The above exception was the direct cause of the following exception:

Traceback (most recent call last):
  File "C:\Users\USER\AppData\Local\Programs\Python\Python312\Lib\site-packages\asgiref\sync.py", line 557, in thread_handler
    raise exc_info[1]
  File "C:\Users\USER\AppData\Local\Programs\Python\Python312\Lib\site-packages\django\core\handlers\exception.py", line 42, in inner
    response = await get_response(request)
               ^^^^^^^^^^^^^^^^^^^^^^^^^^^
  File "C:\Users\USER\AppData\Local\Programs\Python\Python312\Lib\site-packages\asgiref\sync.py", line 557, in thread_handler
    raise exc_info[1]
  File "C:\Users\USER\AppData\Local\Programs\Python\Python312\Lib\site-packages\django\core\handlers\base.py", line 253, in _get_response_async
    response = await wrapped_callback(
               ^^^^^^^^^^^^^^^^^^^^^^^
  File "C:\Users\USER\AppData\Local\Programs\Python\Python312\Lib\site-packages\asgiref\sync.py", line 506, in __call__
    ret = await asyncio.shield(exec_coro)
          ^^^^^^^^^^^^^^^^^^^^^^^^^^^^^^^
  File "C:\Users\USER\AppData\Local\Programs\Python\Python312\Lib\concurrent\futures\thread.py", line 59, in run
    result = self.fn(*self.args, **self.kwargs)
             ^^^^^^^^^^^^^^^^^^^^^^^^^^^^^^^^^^
  File "C:\Users\USER\AppData\Local\Programs\Python\Python312\Lib\site-packages\asgiref\sync.py", line 561, in thread_handler
    return func(*args, **kwargs)
           ^^^^^^^^^^^^^^^^^^^^^
  File "C:\Users\USER\AppData\Local\Programs\Python\Python312\Lib\site-packages\django\views\decorators\csrf.py", line 65, in _view_wrapper
    return view_func(request, *args, **kwargs)
           ^^^^^^^^^^^^^^^^^^^^^^^^^^^^^^^^^^^
  File "C:\Users\USER\AppData\Local\Programs\Python\Python312\Lib\site-packages\rest_framework\viewsets.py", line 125, in view
    return self.dispatch(request, *args, **kwargs)
           ^^^^^^^^^^^^^^^^^^^^^^^^^^^^^^^^^^^^^^^
  File "C:\Users\USER\AppData\Local\Programs\Python\Python312\Lib\site-packages\rest_framework\views.py", line 515, in dispatch
    response = self.handle_exception(exc)
               ^^^^^^^^^^^^^^^^^^^^^^^^^^
  File "C:\Users\USER\AppData\Local\Programs\Python\Python312\Lib\site-packages\rest_framework\views.py", line 475, in handle_exception
    self.raise_uncaught_exception(exc)
  File "C:\Users\USER\AppData\Local\Programs\Python\Python312\Lib\site-packages\rest_framework\views.py", line 486, in raise_uncaught_exception
    raise exc
  File "C:\Users\USER\AppData\Local\Programs\Python\Python312\Lib\site-packages\rest_framework\views.py", line 512, in dispatch
    response = handler(request, *args, **kwargs)
               ^^^^^^^^^^^^^^^^^^^^^^^^^^^^^^^^^
  File "C:\Users\USER\Project\projects\fms\backend\dairy\views.py", line 134, in monthly_summary
    totals = [float(row['total'] or 0) for row in daily_totals]
                                                  ^^^^^^^^^^^^
  File "C:\Users\USER\AppData\Local\Programs\Python\Python312\Lib\site-packages\django\db\models\query.py", line 386, in __iter__
    self._fetch_all()
  File "C:\Users\USER\AppData\Local\Programs\Python\Python312\Lib\site-packages\django\db\models\query.py", line 1954, in _fetch_all
    self._result_cache = list(self._iterable_class(self))
                         ^^^^^^^^^^^^^^^^^^^^^^^^^^^^^^^^
  File "C:\Users\USER\AppData\Local\Programs\Python\Python312\Lib\site-packages\django\db\models\query.py", line 218, in __iter__
    for row in compiler.results_iter(
               ^^^^^^^^^^^^^^^^^^^^^^
  File "C:\Users\USER\AppData\Local\Programs\Python\Python312\Lib\site-packages\django\db\models\sql\compiler.py", line 1572, in results_iter
    results = self.execute_sql(
              ^^^^^^^^^^^^^^^^^
  File "C:\Users\USER\AppData\Local\Programs\Python\Python312\Lib\site-packages\django\db\models\sql\compiler.py", line 1623, in execute_sql
    cursor.execute(sql, params)
  File "C:\Users\USER\AppData\Local\Programs\Python\Python312\Lib\site-packages\django\db\backends\utils.py", line 122, in execute
    return super().execute(sql, params)
           ^^^^^^^^^^^^^^^^^^^^^^^^^^^^
  File "C:\Users\USER\AppData\Local\Programs\Python\Python312\Lib\site-packages\django\db\backends\utils.py", line 79, in execute
    return self._execute_with_wrappers(
           ^^^^^^^^^^^^^^^^^^^^^^^^^^^^
  File "C:\Users\USER\AppData\Local\Programs\Python\Python312\Lib\site-packages\django\db\backends\utils.py", line 92, in _execute_with_wrappers
    return executor(sql, params, many, context)
           ^^^^^^^^^^^^^^^^^^^^^^^^^^^^^^^^^^^^
  File "C:\Users\USER\AppData\Local\Programs\Python\Python312\Lib\site-packages\django\db\backends\utils.py", line 100, in _execute
    with self.db.wrap_database_errors:
         ^^^^^^^^^^^^^^^^^^^^^^^^^^^^
  File "C:\Users\USER\AppData\Local\Programs\Python\Python312\Lib\site-packages\django\db\utils.py", line 91, in __exit__
    raise dj_exc_value.with_traceback(traceback) from exc_value
  File "C:\Users\USER\AppData\Local\Programs\Python\Python312\Lib\site-packages\django\db\backends\utils.py", line 105, in _execute
    return self.cursor.execute(sql, params)
           ^^^^^^^^^^^^^^^^^^^^^^^^^^^^^^^^
  File "C:\Users\USER\AppData\Local\Programs\Python\Python312\Lib\site-packages\django\db\backends\sqlite3\base.py", line 360, in execute
    return super().execute(query, params)
           ^^^^^^^^^^^^^^^^^^^^^^^^^^^^^^
django.db.utils.OperationalError: no such column: dairy_milkrecord.home_use_litres
HTTP GET /api/v1/milk/summary/monthly/?year=2026&month=4 500 [0.22, 127.0.0.1:49356]
Unauthorized: /api/v1/milk/summary/daily/
HTTP GET /api/v1/milk/summary/daily/?date=2026-04-28 401 [0.04, 127.0.0.1:49423]
HTTP OPTIONS /api/v1/auth/token/refresh/ 200 [0.01, 127.0.0.1:49423]
HTTP POST /api/v1/auth/token/refresh/ 200 [0.07, 127.0.0.1:49423]
Internal Server Error: /api/v1/milk/summary/daily/
Traceback (most recent call last):
  File "C:\Users\USER\AppData\Local\Programs\Python\Python312\Lib\site-packages\django\db\backends\utils.py", line 105, in _execute
    return self.cursor.execute(sql, params)
           ^^^^^^^^^^^^^^^^^^^^^^^^^^^^^^^^
  File "C:\Users\USER\AppData\Local\Programs\Python\Python312\Lib\site-packages\django\db\backends\sqlite3\base.py", line 360, in execute
    return super().execute(query, params)
           ^^^^^^^^^^^^^^^^^^^^^^^^^^^^^^
sqlite3.OperationalError: no such column: dairy_milkrecord.home_use_litres

The above exception was the direct cause of the following exception:

Traceback (most recent call last):
  File "C:\Users\USER\AppData\Local\Programs\Python\Python312\Lib\site-packages\asgiref\sync.py", line 557, in thread_handler
    raise exc_info[1]
  File "C:\Users\USER\AppData\Local\Programs\Python\Python312\Lib\site-packages\django\core\handlers\exception.py", line 42, in inner
    response = await get_response(request)
               ^^^^^^^^^^^^^^^^^^^^^^^^^^^
  File "C:\Users\USER\AppData\Local\Programs\Python\Python312\Lib\site-packages\asgiref\sync.py", line 557, in thread_handler
    raise exc_info[1]
  File "C:\Users\USER\AppData\Local\Programs\Python\Python312\Lib\site-packages\django\core\handlers\base.py", line 253, in _get_response_async
    response = await wrapped_callback(
               ^^^^^^^^^^^^^^^^^^^^^^^
  File "C:\Users\USER\AppData\Local\Programs\Python\Python312\Lib\site-packages\asgiref\sync.py", line 506, in __call__
    ret = await asyncio.shield(exec_coro)
          ^^^^^^^^^^^^^^^^^^^^^^^^^^^^^^^
  File "C:\Users\USER\AppData\Local\Programs\Python\Python312\Lib\concurrent\futures\thread.py", line 59, in run
    result = self.fn(*self.args, **self.kwargs)
             ^^^^^^^^^^^^^^^^^^^^^^^^^^^^^^^^^^
  File "C:\Users\USER\AppData\Local\Programs\Python\Python312\Lib\site-packages\asgiref\sync.py", line 561, in thread_handler
    return func(*args, **kwargs)
           ^^^^^^^^^^^^^^^^^^^^^
  File "C:\Users\USER\AppData\Local\Programs\Python\Python312\Lib\site-packages\django\views\decorators\csrf.py", line 65, in _view_wrapper
    return view_func(request, *args, **kwargs)
           ^^^^^^^^^^^^^^^^^^^^^^^^^^^^^^^^^^^
  File "C:\Users\USER\AppData\Local\Programs\Python\Python312\Lib\site-packages\rest_framework\viewsets.py", line 125, in view
    return self.dispatch(request, *args, **kwargs)
           ^^^^^^^^^^^^^^^^^^^^^^^^^^^^^^^^^^^^^^^
  File "C:\Users\USER\AppData\Local\Programs\Python\Python312\Lib\site-packages\rest_framework\views.py", line 515, in dispatch
    response = self.handle_exception(exc)
               ^^^^^^^^^^^^^^^^^^^^^^^^^^
  File "C:\Users\USER\AppData\Local\Programs\Python\Python312\Lib\site-packages\rest_framework\views.py", line 475, in handle_exception
    self.raise_uncaught_exception(exc)
  File "C:\Users\USER\AppData\Local\Programs\Python\Python312\Lib\site-packages\rest_framework\views.py", line 486, in raise_uncaught_exception
    raise exc
  File "C:\Users\USER\AppData\Local\Programs\Python\Python312\Lib\site-packages\rest_framework\views.py", line 512, in dispatch
    response = handler(request, *args, **kwargs)
               ^^^^^^^^^^^^^^^^^^^^^^^^^^^^^^^^^
  File "C:\Users\USER\Project\projects\fms\backend\dairy\views.py", line 95, in daily_summary
    usage = queryset.aggregate(
            ^^^^^^^^^^^^^^^^^^^
  File "C:\Users\USER\AppData\Local\Programs\Python\Python312\Lib\site-packages\django\db\models\query.py", line 590, in aggregate
    return self.query.chain().get_aggregation(self.db, kwargs)
           ^^^^^^^^^^^^^^^^^^^^^^^^^^^^^^^^^^^^^^^^^^^^^^^^^^^
  File "C:\Users\USER\AppData\Local\Programs\Python\Python312\Lib\site-packages\django\db\models\sql\query.py", line 628, in get_aggregation
    result = compiler.execute_sql(SINGLE)
             ^^^^^^^^^^^^^^^^^^^^^^^^^^^^
  File "C:\Users\USER\AppData\Local\Programs\Python\Python312\Lib\site-packages\django\db\models\sql\compiler.py", line 1623, in execute_sql
    cursor.execute(sql, params)
  File "C:\Users\USER\AppData\Local\Programs\Python\Python312\Lib\site-packages\django\db\backends\utils.py", line 122, in execute
    return super().execute(sql, params)
           ^^^^^^^^^^^^^^^^^^^^^^^^^^^^
  File "C:\Users\USER\AppData\Local\Programs\Python\Python312\Lib\site-packages\django\db\backends\utils.py", line 79, in execute
    return self._execute_with_wrappers(
           ^^^^^^^^^^^^^^^^^^^^^^^^^^^^
  File "C:\Users\USER\AppData\Local\Programs\Python\Python312\Lib\site-packages\django\db\backends\utils.py", line 92, in _execute_with_wrappers
    return executor(sql, params, many, context)
           ^^^^^^^^^^^^^^^^^^^^^^^^^^^^^^^^^^^^
  File "C:\Users\USER\AppData\Local\Programs\Python\Python312\Lib\site-packages\django\db\backends\utils.py", line 100, in _execute
    with self.db.wrap_database_errors:
         ^^^^^^^^^^^^^^^^^^^^^^^^^^^^
  File "C:\Users\USER\AppData\Local\Programs\Python\Python312\Lib\site-packages\django\db\utils.py", line 91, in __exit__
    raise dj_exc_value.with_traceback(traceback) from exc_value
  File "C:\Users\USER\AppData\Local\Programs\Python\Python312\Lib\site-packages\django\db\backends\utils.py", line 105, in _execute
    return self.cursor.execute(sql, params)
           ^^^^^^^^^^^^^^^^^^^^^^^^^^^^^^^^
  File "C:\Users\USER\AppData\Local\Programs\Python\Python312\Lib\site-packages\django\db\backends\sqlite3\base.py", line 360, in execute
    return super().execute(query, params)
           ^^^^^^^^^^^^^^^^^^^^^^^^^^^^^^
django.db.utils.OperationalError: no such column: dairy_milkrecord.home_use_litres
HTTP GET /api/v1/milk/summary/daily/?date=2026-04-28 500 [0.17, 127.0.0.1:49423]
Internal Server Error: /api/v1/milk/summary/daily/
Traceback (most recent call last):
  File "C:\Users\USER\AppData\Local\Programs\Python\Python312\Lib\site-packages\django\db\backends\utils.py", line 105, in _execute
    return self.cursor.execute(sql, params)
           ^^^^^^^^^^^^^^^^^^^^^^^^^^^^^^^^
  File "C:\Users\USER\AppData\Local\Programs\Python\Python312\Lib\site-packages\django\db\backends\sqlite3\base.py", line 360, in execute
    return super().execute(query, params)
           ^^^^^^^^^^^^^^^^^^^^^^^^^^^^^^
sqlite3.OperationalError: no such column: dairy_milkrecord.home_use_litres

The above exception was the direct cause of the following exception:

Traceback (most recent call last):
  File "C:\Users\USER\AppData\Local\Programs\Python\Python312\Lib\site-packages\asgiref\sync.py", line 557, in thread_handler
    raise exc_info[1]
  File "C:\Users\USER\AppData\Local\Programs\Python\Python312\Lib\site-packages\django\core\handlers\exception.py", line 42, in inner
    response = await get_response(request)
               ^^^^^^^^^^^^^^^^^^^^^^^^^^^
  File "C:\Users\USER\AppData\Local\Programs\Python\Python312\Lib\site-packages\asgiref\sync.py", line 557, in thread_handler
    raise exc_info[1]
  File "C:\Users\USER\AppData\Local\Programs\Python\Python312\Lib\site-packages\django\core\handlers\base.py", line 253, in _get_response_async
    response = await wrapped_callback(
               ^^^^^^^^^^^^^^^^^^^^^^^
  File "C:\Users\USER\AppData\Local\Programs\Python\Python312\Lib\site-packages\asgiref\sync.py", line 506, in __call__
    ret = await asyncio.shield(exec_coro)
          ^^^^^^^^^^^^^^^^^^^^^^^^^^^^^^^
  File "C:\Users\USER\AppData\Local\Programs\Python\Python312\Lib\concurrent\futures\thread.py", line 59, in run
    result = self.fn(*self.args, **self.kwargs)
             ^^^^^^^^^^^^^^^^^^^^^^^^^^^^^^^^^^
  File "C:\Users\USER\AppData\Local\Programs\Python\Python312\Lib\site-packages\asgiref\sync.py", line 561, in thread_handler
    return func(*args, **kwargs)
           ^^^^^^^^^^^^^^^^^^^^^
  File "C:\Users\USER\AppData\Local\Programs\Python\Python312\Lib\site-packages\django\views\decorators\csrf.py", line 65, in _view_wrapper
    return view_func(request, *args, **kwargs)
           ^^^^^^^^^^^^^^^^^^^^^^^^^^^^^^^^^^^
  File "C:\Users\USER\AppData\Local\Programs\Python\Python312\Lib\site-packages\rest_framework\viewsets.py", line 125, in view
    return self.dispatch(request, *args, **kwargs)
           ^^^^^^^^^^^^^^^^^^^^^^^^^^^^^^^^^^^^^^^
  File "C:\Users\USER\AppData\Local\Programs\Python\Python312\Lib\site-packages\rest_framework\views.py", line 515, in dispatch
    response = self.handle_exception(exc)
               ^^^^^^^^^^^^^^^^^^^^^^^^^^
  File "C:\Users\USER\AppData\Local\Programs\Python\Python312\Lib\site-packages\rest_framework\views.py", line 475, in handle_exception
    self.raise_uncaught_exception(exc)
  File "C:\Users\USER\AppData\Local\Programs\Python\Python312\Lib\site-packages\rest_framework\views.py", line 486, in raise_uncaught_exception
    raise exc
  File "C:\Users\USER\AppData\Local\Programs\Python\Python312\Lib\site-packages\rest_framework\views.py", line 512, in dispatch
    response = handler(request, *args, **kwargs)
               ^^^^^^^^^^^^^^^^^^^^^^^^^^^^^^^^^
  File "C:\Users\USER\Project\projects\fms\backend\dairy\views.py", line 95, in daily_summary
    usage = queryset.aggregate(
            ^^^^^^^^^^^^^^^^^^^
  File "C:\Users\USER\AppData\Local\Programs\Python\Python312\Lib\site-packages\django\db\models\query.py", line 590, in aggregate
    return self.query.chain().get_aggregation(self.db, kwargs)
           ^^^^^^^^^^^^^^^^^^^^^^^^^^^^^^^^^^^^^^^^^^^^^^^^^^^
  File "C:\Users\USER\AppData\Local\Programs\Python\Python312\Lib\site-packages\django\db\models\sql\query.py", line 628, in get_aggregation
    result = compiler.execute_sql(SINGLE)
             ^^^^^^^^^^^^^^^^^^^^^^^^^^^^
  File "C:\Users\USER\AppData\Local\Programs\Python\Python312\Lib\site-packages\django\db\models\sql\compiler.py", line 1623, in execute_sql
    cursor.execute(sql, params)
  File "C:\Users\USER\AppData\Local\Programs\Python\Python312\Lib\site-packages\django\db\backends\utils.py", line 122, in execute
    return super().execute(sql, params)
           ^^^^^^^^^^^^^^^^^^^^^^^^^^^^
  File "C:\Users\USER\AppData\Local\Programs\Python\Python312\Lib\site-packages\django\db\backends\utils.py", line 79, in execute
    return self._execute_with_wrappers(
           ^^^^^^^^^^^^^^^^^^^^^^^^^^^^
  File "C:\Users\USER\AppData\Local\Programs\Python\Python312\Lib\site-packages\django\db\backends\utils.py", line 92, in _execute_with_wrappers
    return executor(sql, params, many, context)
           ^^^^^^^^^^^^^^^^^^^^^^^^^^^^^^^^^^^^
  File "C:\Users\USER\AppData\Local\Programs\Python\Python312\Lib\site-packages\django\db\backends\utils.py", line 100, in _execute
    with self.db.wrap_database_errors:
         ^^^^^^^^^^^^^^^^^^^^^^^^^^^^
  File "C:\Users\USER\AppData\Local\Programs\Python\Python312\Lib\site-packages\django\db\utils.py", line 91, in __exit__
    raise dj_exc_value.with_traceback(traceback) from exc_value
  File "C:\Users\USER\AppData\Local\Programs\Python\Python312\Lib\site-packages\django\db\backends\utils.py", line 105, in _execute
    return self.cursor.execute(sql, params)
           ^^^^^^^^^^^^^^^^^^^^^^^^^^^^^^^^
  File "C:\Users\USER\AppData\Local\Programs\Python\Python312\Lib\site-packages\django\db\backends\sqlite3\base.py", line 360, in execute
    return super().execute(query, params)
           ^^^^^^^^^^^^^^^^^^^^^^^^^^^^^^
django.db.utils.OperationalError: no such column: dairy_milkrecord.home_use_litres
HTTP GET /api/v1/milk/summary/daily/?date=2026-04-28 500 [0.23, 127.0.0.1:49423]
C:\Users\USER\Project\projects\fms\backend\dairy\views.py changed, reloading.
C:\Users\USER\AppData\Local\Programs\Python\Python312\Lib\site-packages\africastalking\Whatsapp.py:34: UserWarning: Sandbox is currently not available for the Whatsapp service.
  warnings.warn(
Watching for file changes with StatReloader
HTTP GET /api/v1/auth/me/ 200 [0.08, 127.0.0.1:49653]
HTTP GET /api/v1/auth/me/ 200 [0.02, 127.0.0.1:49654]
HTTP GET /api/v1/milk/summary/monthly/?year=2026&month=4 200 [0.05, 127.0.0.1:49654]
HTTP GET /api/v1/auth/me/ 200 [0.04, 127.0.0.1:49654]
HTTP GET /api/v1/auth/me/ 200 [0.02, 127.0.0.1:49653]
HTTP OPTIONS /api/v1/animals/?sex=Cow 200 [0.01, 127.0.0.1:49653]
HTTP GET /api/v1/animals/?sex=Cow 200 [0.05, 127.0.0.1:49653]
HTTP GET /api/v1/milk/summary/daily/?date=2026-04-28 200 [0.07, 127.0.0.1:49654]
HTTP GET /api/v1/auth/me/ 200 [0.02, 127.0.0.1:49654]
HTTP GET /api/v1/auth/me/ 200 [0.02, 127.0.0.1:49653]
HTTP OPTIONS /api/v1/income/summary/?year=2026&month=4 200 [0.00, 127.0.0.1:49653]
HTTP GET /api/v1/income/summary/?year=2026&month=4 200 [0.03, 127.0.0.1:49653]
HTTP GET /api/v1/auth/me/ 200 [0.02, 127.0.0.1:49802]
HTTP GET /api/v1/auth/me/ 200 [0.03, 127.0.0.1:49802]
HTTP GET /api/v1/milk/summary/monthly/?year=2026&month=4 200 [0.04, 127.0.0.1:49802]
HTTP GET /api/v1/auth/me/ 200 [0.02, 127.0.0.1:49802]
HTTP GET /api/v1/auth/me/ 200 [0.03, 127.0.0.1:49803]
HTTP GET /api/v1/animals/?sex=Cow 200 [0.05, 127.0.0.1:49803]
HTTP GET /api/v1/milk/summary/daily/?date=2026-04-28 200 [0.06, 127.0.0.1:49802]
HTTP GET /api/v1/auth/me/ 200 [0.01, 127.0.0.1:49802]
HTTP GET /api/v1/auth/me/ 200 [0.02, 127.0.0.1:49803]
HTTP GET /api/v1/income/summary/?year=2026&month=4 200 [0.02, 127.0.0.1:49803]
Unauthorized: /api/v1/milk/summary/monthly/
HTTP GET /api/v1/milk/summary/monthly/?year=2026&month=4 401 [0.12, 127.0.0.1:52030]
Unauthorized: /api/v1/auth/token/refresh/
HTTP POST /api/v1/auth/token/refresh/ 401 [0.10, 127.0.0.1:52030]
Unauthorized: /api/v1/milk/summary/monthly/
HTTP GET /api/v1/milk/summary/monthly/?year=2026&month=4 401 [0.03, 127.0.0.1:52030]
Unauthorized: /api/v1/milk/summary/daily/
Unauthorized: /api/v1/animals/
HTTP GET /api/v1/milk/summary/daily/?date=2026-04-28 401 [0.03, 127.0.0.1:52044]
HTTP GET /api/v1/animals/?sex=Cow 401 [0.04, 127.0.0.1:52030]
Unauthorized: /api/v1/animals/
Unauthorized: /api/v1/milk/summary/daily/
HTTP GET /api/v1/animals/?sex=Cow 401 [0.03, 127.0.0.1:52044]
HTTP GET /api/v1/milk/summary/daily/?date=2026-04-28 401 [0.04, 127.0.0.1:52030]
Unauthorized: /api/v1/milk/summary/daily/
Unauthorized: /api/v1/animals/
HTTP GET /api/v1/milk/summary/daily/?date=2026-04-28 401 [0.24, 127.0.0.1:52201]
HTTP GET /api/v1/animals/?sex=Cow 401 [0.30, 127.0.0.1:52202]
Unauthorized: /api/v1/auth/me/
HTTP GET /api/v1/auth/me/ 401 [0.42, 127.0.0.1:60010]
Unauthorized: /api/v1/auth/me/
HTTP GET /api/v1/auth/me/ 401 [0.12, 127.0.0.1:60010]
C:\Users\USER\Project\projects\fms\backend\alerts\views.py changed, reloading.
C:\Users\USER\AppData\Local\Programs\Python\Python312\Lib\site-packages\africastalking\Whatsapp.py:34: UserWarning: Sandbox is currently not available for the Whatsapp service.
  warnings.warn(
Watching for file changes with StatReloader
Unauthorized: /api/v1/auth/me/
HTTP GET /api/v1/auth/me/ 401 [0.25, 127.0.0.1:61514]
Unauthorized: /api/v1/auth/me/
HTTP GET /api/v1/auth/me/ 401 [0.04, 127.0.0.1:61514]
Unauthorized: /api/v1/auth/me/
HTTP GET /api/v1/auth/me/ 401 [0.03, 127.0.0.1:61514]
Unauthorized: /api/v1/auth/me/
HTTP GET /api/v1/auth/me/ 401 [0.04, 127.0.0.1:61514]
C:\Users\USER\Project\projects\fms\backend\chat_module\serializers.py changed, reloading.
C:\Users\USER\AppData\Local\Programs\Python\Python312\Lib\site-packages\africastalking\Whatsapp.py:34: UserWarning: Sandbox is currently not available for the Whatsapp service.
  warnings.warn(
Watching for file changes with StatReloader
Unauthorized: /api/v1/auth/me/
HTTP GET /api/v1/auth/me/ 401 [0.03, 127.0.0.1:61777]
Unauthorized: /api/v1/auth/me/
HTTP GET /api/v1/auth/me/ 401 [0.03, 127.0.0.1:61777]
HTTP OPTIONS /api/v1/auth/login/ 200 [0.02, 127.0.0.1:61777]
HTTP POST /api/v1/auth/login/ 200 [1.65, 127.0.0.1:61777]
HTTP OPTIONS /api/v1/auth/me/ 200 [0.01, 127.0.0.1:61777]
HTTP GET /api/v1/auth/me/ 200 [0.02, 127.0.0.1:61777]
HTTP OPTIONS /api/v1/milk/summary/daily/?date=2026-04-29 200 [0.04, 127.0.0.1:61777]
HTTP OPTIONS /api/v1/income/summary/?year=2026&month=4 200 [0.03, 127.0.0.1:61781]
HTTP OPTIONS /api/v1/ai/farm-health/ 200 [0.03, 127.0.0.1:61782]
HTTP GET /api/v1/ai/farm-health/ 200 [0.05, 127.0.0.1:61781]
HTTP GET /api/v1/milk/summary/daily/?date=2026-04-29 200 [0.07, 127.0.0.1:61777]
HTTP GET /api/v1/income/summary/?year=2026&month=4 200 [0.07, 127.0.0.1:61782]
HTTP GET /api/v1/auth/me/ 200 [0.03, 127.0.0.1:61782]
HTTP GET /api/v1/auth/me/ 200 [0.02, 127.0.0.1:61777]
HTTP OPTIONS /api/v1/animals/? 200 [0.02, 127.0.0.1:61777]
HTTP OPTIONS /api/v1/alerts/ 200 [0.02, 127.0.0.1:61782]
HTTP GET /api/v1/alerts/ 200 [0.03, 127.0.0.1:61782]
HTTP GET /api/v1/animals/? 200 [0.05, 127.0.0.1:61777]
HTTP GET /api/v1/auth/me/ 200 [0.03, 127.0.0.1:61782]
HTTP GET /api/v1/auth/me/ 200 [0.03, 127.0.0.1:61781]
HTTP OPTIONS /api/v1/farms/ 200 [0.01, 127.0.0.1:61781]
HTTP GET /api/v1/farms/ 200 [0.01, 127.0.0.1:61781]
HTTP GET /api/v1/auth/me/ 200 [0.03, 127.0.0.1:61781]
HTTP GET /api/v1/auth/me/ 200 [0.03, 127.0.0.1:61782]
HTTP OPTIONS /api/v1/animals/?sex=Cow 200 [0.02, 127.0.0.1:61782]
HTTP GET /api/v1/milk/summary/daily/?date=2026-04-29 200 [0.05, 127.0.0.1:61781]
HTTP GET /api/v1/animals/?sex=Cow 200 [0.04, 127.0.0.1:61782]
HTTP GET /api/v1/auth/me/ 200 [0.02, 127.0.0.1:61781]
HTTP GET /api/v1/auth/me/ 200 [0.05, 127.0.0.1:61782]
HTTP GET /api/v1/income/summary/?year=2026&month=4 200 [0.06, 127.0.0.1:61782]
HTTP GET /api/v1/auth/me/ 200 [0.02, 127.0.0.1:61782]
HTTP GET /api/v1/auth/me/ 200 [0.02, 127.0.0.1:61781]
HTTP GET /api/v1/animals/? 200 [0.05, 127.0.0.1:61781]
HTTP GET /api/v1/alerts/ 200 [0.05, 127.0.0.1:61782]
HTTP GET /api/v1/auth/me/ 200 [0.03, 127.0.0.1:61781]
HTTP GET /api/v1/auth/me/ 200 [0.01, 127.0.0.1:61782]
HTTP GET /api/v1/alerts/ 200 [0.06, 127.0.0.1:61781]
HTTP GET /api/v1/animals/? 200 [0.06, 127.0.0.1:61782]
HTTP GET /api/v1/auth/me/ 200 [0.02, 127.0.0.1:61782]
HTTP GET /api/v1/auth/me/ 200 [0.03, 127.0.0.1:61781]
HTTP GET /api/v1/animals/?sex=Cow 200 [0.03, 127.0.0.1:61781]
HTTP GET /api/v1/milk/summary/daily/?date=2026-04-29 200 [0.04, 127.0.0.1:61782]
HTTP GET /api/v1/auth/me/ 200 [0.03, 127.0.0.1:61782]
HTTP GET /api/v1/auth/me/ 200 [0.03, 127.0.0.1:61781]
HTTP GET /api/v1/income/summary/?year=2026&month=4 200 [0.03, 127.0.0.1:61781]
Unauthorized: /api/v1/income/summary/
HTTP GET /api/v1/income/summary/?year=2026&month=4 401 [0.23, 127.0.0.1:62374]
HTTP OPTIONS /api/v1/auth/token/refresh/ 200 [0.17, 127.0.0.1:62374]
HTTP POST /api/v1/auth/token/refresh/ 200 [0.59, 127.0.0.1:62374]
HTTP GET /api/v1/income/summary/?year=2026&month=4 200 [0.05, 127.0.0.1:62376]
HTTP GET /api/v1/income/summary/?year=2026&month=4 200 [0.18, 127.0.0.1:62488]
HTTP OPTIONS /api/v1/income/summary/?year=2026&month=4 200 [0.12, 127.0.0.1:52161]
Unauthorized: /api/v1/income/summary/
HTTP GET /api/v1/income/summary/?year=2026&month=4 401 [0.10, 127.0.0.1:52161]
HTTP OPTIONS /api/v1/auth/token/refresh/ 200 [0.01, 127.0.0.1:52161]
Unauthorized: /api/v1/auth/token/refresh/
HTTP POST /api/v1/auth/token/refresh/ 401 [0.15, 127.0.0.1:52161]
Unauthorized: /api/v1/milk/summary/monthly/
HTTP GET /api/v1/milk/summary/monthly/?year=2026&month=4 401 [0.27, 127.0.0.1:59690]
Unauthorized: /api/v1/milk/summary/monthly/
HTTP GET /api/v1/milk/summary/monthly/?year=2026&month=4 401 [0.00, 127.0.0.1:59690]
Unauthorized: /api/v1/milk/summary/daily/
Unauthorized: /api/v1/animals/
HTTP GET /api/v1/milk/summary/daily/?date=2026-04-29 401 [0.03, 127.0.0.1:59699]
HTTP GET /api/v1/animals/?sex=Cow 401 [0.03, 127.0.0.1:59690]
Unauthorized: /api/v1/milk/summary/daily/
Unauthorized: /api/v1/animals/
HTTP GET /api/v1/milk/summary/daily/?date=2026-04-29 401 [0.00, 127.0.0.1:59690]
HTTP GET /api/v1/animals/?sex=Cow 401 [0.02, 127.0.0.1:59699]
Unauthorized: /api/v1/milk/summary/monthly/
HTTP GET /api/v1/milk/summary/monthly/?year=2026&month=4 401 [0.01, 127.0.0.1:59699]
Unauthorized: /api/v1/milk/summary/monthly/
HTTP GET /api/v1/milk/summary/monthly/?year=2026&month=4 401 [0.00, 127.0.0.1:59699]
Unauthorized: /api/v1/auth/me/
HTTP GET /api/v1/auth/me/ 401 [0.02, 127.0.0.1:59699]
Unauthorized: /api/v1/auth/me/
HTTP GET /api/v1/auth/me/ 401 [0.02, 127.0.0.1:59699]
Unauthorized: /api/v1/auth/me/
HTTP GET /api/v1/auth/me/ 401 [0.09, 127.0.0.1:60806]
Unauthorized: /api/v1/auth/me/
HTTP GET /api/v1/auth/me/ 401 [0.08, 127.0.0.1:60806]
HTTP OPTIONS /api/v1/auth/login/ 200 [0.01, 127.0.0.1:60806]
HTTP POST /api/v1/auth/login/ 200 [2.57, 127.0.0.1:60806]
HTTP OPTIONS /api/v1/auth/me/ 200 [0.00, 127.0.0.1:60806]
HTTP GET /api/v1/auth/me/ 200 [0.11, 127.0.0.1:60806]
HTTP OPTIONS /api/v1/milk/summary/daily/?date=2026-04-29 200 [0.03, 127.0.0.1:60806]
HTTP OPTIONS /api/v1/ai/farm-health/ 200 [0.01, 127.0.0.1:60822]
HTTP OPTIONS /api/v1/milk/summary/monthly/?year=2026&month=4 200 [0.01, 127.0.0.1:60823]
HTTP OPTIONS /api/v1/income/summary/?year=2026&month=4 200 [0.01, 127.0.0.1:60824]
HTTP GET /api/v1/ai/farm-health/ 200 [1.16, 127.0.0.1:60822]
HTTP GET /api/v1/milk/summary/monthly/?year=2026&month=4 200 [1.17, 127.0.0.1:60823]
HTTP GET /api/v1/milk/summary/daily/?date=2026-04-29 200 [1.19, 127.0.0.1:60806]
HTTP GET /api/v1/income/summary/?year=2026&month=4 200 [1.19, 127.0.0.1:60824]
HTTP GET /api/v1/auth/me/ 200 [0.03, 127.0.0.1:60889]
HTTP GET /api/v1/auth/me/ 200 [0.04, 127.0.0.1:60890]
HTTP GET /api/v1/auth/me/ 200 [0.05, 127.0.0.1:60890]
HTTP GET /api/v1/auth/me/ 200 [0.05, 127.0.0.1:60889]
HTTP GET /api/v1/ai/farm-health/ 200 [0.27, 127.0.0.1:60890]
HTTP GET /api/v1/milk/summary/monthly/?year=2026&month=4 200 [0.26, 127.0.0.1:60893]
HTTP GET /api/v1/income/summary/?year=2026&month=4 200 [0.31, 127.0.0.1:60892]
HTTP GET /api/v1/milk/summary/daily/?date=2026-04-29 200 [0.32, 127.0.0.1:60889]
HTTP OPTIONS /api/v1/auth/me/ 200 [0.14, 127.0.0.1:62004]
HTTP OPTIONS /api/v1/auth/me/ 200 [0.44, 127.0.0.1:62003]
Unauthorized: /api/v1/auth/me/
HTTP GET /api/v1/auth/me/ 401 [0.13, 127.0.0.1:62003]
HTTP OPTIONS /api/v1/auth/token/refresh/ 200 [0.13, 127.0.0.1:62003]
Unauthorized: /api/v1/auth/me/
HTTP GET /api/v1/auth/me/ 401 [0.19, 127.0.0.1:62004]
HTTP POST /api/v1/auth/token/refresh/ 200 [0.27, 127.0.0.1:62004]
HTTP POST /api/v1/auth/token/refresh/ 200 [0.46, 127.0.0.1:62003]
HTTP GET /api/v1/auth/me/ 200 [0.13, 127.0.0.1:62004]
HTTP GET /api/v1/auth/me/ 200 [0.08, 127.0.0.1:62003]
HTTP OPTIONS /api/v1/ai/farm-health/ 200 [0.21, 127.0.0.1:62004]
HTTP OPTIONS /api/v1/milk/summary/daily/?date=2026-04-30 200 [0.21, 127.0.0.1:62003]
HTTP OPTIONS /api/v1/income/summary/?year=2026&month=4 200 [0.06, 127.0.0.1:62013]
HTTP OPTIONS /api/v1/milk/summary/monthly/?year=2026&month=4 200 [0.06, 127.0.0.1:62014]
HTTP GET /api/v1/ai/farm-health/ 200 [0.13, 127.0.0.1:62013]
HTTP GET /api/v1/milk/summary/daily/?date=2026-04-30 200 [0.14, 127.0.0.1:62014]
HTTP GET /api/v1/milk/summary/monthly/?year=2026&month=4 200 [0.14, 127.0.0.1:62004]
HTTP GET /api/v1/income/summary/?year=2026&month=4 200 [0.14, 127.0.0.1:62003]
Unauthorized: /api/v1/auth/me/
HTTP GET /api/v1/auth/me/ 401 [0.07, 127.0.0.1:63312]
Unauthorized: /api/v1/auth/me/
HTTP GET /api/v1/auth/me/ 401 [0.03, 127.0.0.1:63312]
Unauthorized: /api/v1/auth/token/refresh/
Unauthorized: /api/v1/auth/token/refresh/
HTTP POST /api/v1/auth/token/refresh/ 401 [0.02, 127.0.0.1:63312]
HTTP POST /api/v1/auth/token/refresh/ 401 [0.05, 127.0.0.1:63313]
Unauthorized: /api/v1/auth/me/
HTTP GET /api/v1/auth/me/ 401 [0.04, 127.0.0.1:63342]
Unauthorized: /api/v1/auth/me/
HTTP GET /api/v1/auth/me/ 401 [0.02, 127.0.0.1:63342]
